src/App.test.tsx(25,83): error TS2339: Property 'toBeInTheDocument' does not exist on type 'Assertion<HTMLElement>'.
src/app/app-shell.component.test.tsx(12,47): error TS2339: Property 'toHaveTextContent' does not exist on type 'Assertion<HTMLElement>'.
src/components/__tests__/MixerPanel.test.tsx(86,58): error TS2339: Property 'toBeInTheDocument' does not exist on type 'Assertion<HTMLElement>'.
src/components/__tests__/MixerPanel.test.tsx(88,61): error TS2339: Property 'toBeInTheDocument' does not exist on type 'Assertion<HTMLElement>'.
src/components/__tests__/MixerPanel.test.tsx(101,92): error TS2339: Property 'toBeInTheDocument' does not exist on type 'Assertion<HTMLElement>'.
src/components/__tests__/SourcePanel.test.tsx(97,69): error TS2339: Property 'toBeInTheDocument' does not exist on type 'Assertion<HTMLElement>'.
src/components/__tests__/SourcePanel.test.tsx(98,83): error TS2339: Property 'toBeInTheDocument' does not exist on type 'Assertion<HTMLElement>'.
src/components/__tests__/SourcePanel.test.tsx(120,25): error TS2339: Property 'toBeDisabled' does not exist on type 'Assertion<HTMLElement>'.
src/components/__tests__/StatusPanel.test.tsx(51,56): error TS2339: Property 'toBeInTheDocument' does not exist on type 'Assertion<HTMLElement>'.
src/components/__tests__/StatusPanel.test.tsx(52,49): error TS2339: Property 'toBeInTheDocument' does not exist on type 'Assertion<HTMLElement>'.
src/components/__tests__/StatusPanel.test.tsx(58,45): error TS2339: Property 'toBeInTheDocument' does not exist on type 'Assertion<HTMLElement>'.
src/components/__tests__/StatusPanel.test.tsx(59,38): error TS2339: Property 'toBeInTheDocument' does not exist on type 'Assertion<HTMLElement>'.
src/components/multi-stem-editor/stem-controls.component.tsx(39,7): error TS2559: Type 'StemThemeCssVariables' has no properties in common with type 'Properties<string | number, string & {}>'.
src/components/multi-stem-editor/waveform-timeline.component.tsx(77,11): error TS2559: Type 'PlayheadPercentVar' has no properties in common with type 'Properties<string | number, string & {}>'.
src/components/MultiStemEditor.tsx(9,28): error TS6133: 'getStemEffectiveRate' is declared but its value is never read.
src/components/MultiStemEditor.tsx(77,17): error TS6133: 'visibleEndGlobal' is declared but its value is never read.
src/components/WaveformEditor.tsx(129,7): error TS2559: Type 'StemThemeCssVariables' has no properties in common with type 'Properties<string | number, string & {}>'.
src/hooks/useAudioPlayback.ts(5,23): error TS6133: 'useEffect' is declared but its value is never read.
src/hooks/useBatchQueue.ts(96,62): error TS2339: Property 'access_token' does not exist on type 'SplitResponse'.
src/hooks/useMixerWorkspace.ts(2,1): error TS6133: 'StemResult' is declared but its value is never read.
src/utils/waveformCanvas.ts(60,15): error TS2339: Property 'fillRect' does not exist on type 'never'.
